// Jest Snapshot v1, https://goo.gl/fbAQLP

exports[`<PokeList.test /> render 1`] = `null`;
